Running minimal tests...

ALL TESTS PASSED!
